this is a test!
this is a another test!
this is a test!
this is a another test!
this is a test!
this is a another test!
this is a test!
this is a another test!
this is a test!
this is a another test!
���������this is a test!
this is a another test!
this is a test!
this is a another test!
this is a test!
this is a another test!
this is a test!
this is a another test!
this is a test!
this is a another test!
this is a test!
this is a another test!
this is a test!
this is a another test!
this is a test!
this is a another test!
this is a test!
this is a another test!
this is a test!
this is a another test!
this is a test!
this is a another test!
this is a test!
this is a another test!
this is a test!
this is a another test!
this is a test!
this is a another test!
this is a test!
this is a another test!
this is a test!
this is a another test!
this is a test!
this is a another test!
this is a test!
this is a another test!
this is a test!
this is a another test!
this is a test!
this is a another test!
this is a test!

this is a another test!

this is a test!

this is a another test!

this is a test!

this is a another test!

